0 10000000 9999643 10000 10124 259.319

1 10000000 9998990 10000 10088 259.31

2 10000000 9997216 10000 9974 254.782

3 10000000 9997505 10000 9927 265.033

4 10000000 9999646 10000 9992 271.955

5 10000000 9995575 10000 10047 260.549

6 10000000 9998489 10000 9934 265.802

7 10000000 9995544 10000 10072 263.725

8 10000000 9997017 10000 10058 269.422

9 10000000 9998961 10000 10012 268.973

10 10000000 9998203 10000 10033 261.136

11 10000000 9995408 10000 10068 272.251

12 10000000 9999288 10000 10134 266.737

13 10000000 9999201 10000 10039 264.691

14 10000000 9995737 10000 10131 284.679

15 10000000 9998965 10000 10047 259.928

16 10000000 9997006 10000 9857 248.901

17 10000000 9999303 10000 9850 263.148

18 10000000 9998506 10000 9944 261.812

19 10000000 9998705 10000 9843 261.455

20 10000000 9997216 10000 10043 265.967

21 10000000 9997142 10000 9844 262.562

22 10000000 9996004 10000 9985 264.006

23 10000000 9998056 10000 9838 270.679

24 10000000 9998403 10000 9849 259.178

25 10000000 9999685 10000 9951 246.477

26 10000000 9988411 10000 9803 274.034

27 10000000 9995989 10000 9816 262.043

28 10000000 9990716 10000 10094 271.965

29 10000000 9999587 10000 9958 277.557

30 10000000 9996702 10000 9965 269.027

31 10000000 9999349 10000 10065 273.82

32 10000000 9998242 10000 10007 267.253

33 10000000 9999228 10000 9877 257.301

34 10000000 9997179 10000 10287 286.808

35 10000000 9997217 10000 10044 284.902

36 10000000 9997088 10000 10047 270.015

37 10000000 9994504 10000 9991 272.674

38 10000000 9998761 10000 9907 256.037

39 10000000 9998816 10000 9892 264.374

40 10000000 9998657 10000 10031 278.382

41 10000000 9994470 10000 10026 247.572

42 10000000 9999554 10000 10072 260.599

43 10000000 9998037 10000 9832 252.87

44 10000000 9985174 10000 9933 270.342

45 10000000 9997742 10000 10083 266.925

46 10000000 9994629 10000 9859 258.625

47 10000000 9990104 10000 9902 264.051

48 10000000 9998683 10000 10086 276.138

49 10000000 9994513 10000 9951 269.471

50 10000000 9986126 10000 10022 277.659

51 10000000 9998201 10000 9948 256.591

52 10000000 9988654 10000 9822 263.058

53 10000000 9998386 10000 10108 271.991

54 10000000 9998403 10000 10028 274.466

55 10000000 9999629 10000 9981 288.007

56 10000000 9999582 10000 10015 269.06

57 10000000 9987279 10000 10024 275.035

58 10000000 9995951 10000 10090 267.279

59 10000000 9994523 10000 10248 266.201

60 10000000 9996420 10000 10148 265.865

61 10000000 9995786 10000 9952 270.597

62 10000000 9993742 10000 10068 273.917

63 10000000 9999121 10000 10162 277.849

64 10000000 9996639 10000 10073 277.298

65 10000000 9994597 10000 9916 267.029

66 10000000 9998317 10000 10050 259.363

67 10000000 9999278 10000 9819 274.008

68 10000000 9999256 10000 10042 283.807

69 10000000 9995636 10000 9974 280.13

70 10000000 9989699 10000 9979 272.122

71 10000000 9993611 10000 10072 262.773

72 10000000 9998638 10000 9878 276.868

73 10000000 9997625 10000 9914 262.674

74 10000000 9999142 10000 9982 262.444

75 10000000 9999094 10000 10129 278.659

76 10000000 9993537 10000 9973 241.96

77 10000000 9998431 10000 10016 280.412

78 10000000 9997508 10000 9998 262.214

79 10000000 9987577 10000 10059 270.909

80 10000000 9997128 10000 9957 245.889

81 10000000 9991854 10000 10102 285.766

82 10000000 9998828 10000 10095 273.148

83 10000000 9999897 10000 10081 266.434

84 10000000 9993054 10000 9930 255.351

85 10000000 9998821 10000 9986 269.798

86 10000000 9996959 10000 9955 275.608

87 10000000 9998421 10000 9993 275.901

88 10000000 9998833 10000 9974 279.971

89 10000000 9994567 10000 10016 271.357

90 10000000 9999030 10000 10011 254.021

91 10000000 9995953 10000 10031 265.336

92 10000000 9993269 10000 9934 260.827

93 10000000 9999599 10000 10098 257.008

94 10000000 9998123 10000 9970 265.641

95 10000000 9992311 10000 9956 266.537

96 10000000 9995301 10000 9938 241.662

97 10000000 9995052 10000 9987 284.015

98 10000000 9995735 10000 9963 275.065

99 10000000 9999440 10000 10050 281.753

