0 10000000 9998485 10000 10009 263.035

1 10000000 9996825 10000 9956 273.242

2 10000000 9997395 10000 9983 246.349

3 10000000 9999058 10000 10113 253.044

4 10000000 9997249 10000 9928 259.336

5 10000000 9998102 10000 10092 267.545

6 10000000 9998406 10000 10050 255.48

7 10000000 9993561 10000 10064 261.007

8 10000000 9999667 10000 9953 266.061

9 10000000 9979983 10000 9966 261.098

10 10000000 9998884 10000 9980 266.361

11 10000000 9995253 10000 9897 271.3

12 10000000 9992931 10000 10028 283.054

13 10000000 9998306 10000 9931 269.114

14 10000000 9998816 10000 10152 267.369

15 10000000 9995540 10000 10142 275.984

16 10000000 9995994 10000 10096 263.637

17 10000000 9999465 10000 9991 248.219

18 10000000 9991639 10000 10035 273.869

19 10000000 9994326 10000 9896 269.796

20 10000000 9998929 10000 9986 285.124

21 10000000 9999660 10000 10141 283.968

22 10000000 9990093 10000 9884 275.876

23 10000000 9999603 10000 9806 269.952

24 10000000 9997624 10000 9858 286.11

25 10000000 9998782 10000 9906 258.26

26 10000000 9999146 10000 9924 259.654

27 10000000 9999663 10000 10174 292

28 10000000 9998402 10000 9987 277.111

29 10000000 9999919 10000 10062 266.965

30 10000000 9999865 10000 10102 267.034

31 10000000 9999849 10000 10011 267.714

32 10000000 9996101 10000 9836 299.105

33 10000000 9994634 10000 10132 250.492

34 10000000 9991590 10000 10050 267.055

35 10000000 9995216 10000 10053 275.81

36 10000000 9999909 10000 9989 264.533

37 10000000 9999402 10000 10002 279.636

38 10000000 9998346 10000 9843 257.894

39 10000000 9999972 10000 9777 257.967

40 10000000 9996083 10000 9966 290.203

41 10000000 9996433 10000 9971 287.097

42 10000000 9995683 10000 9963 271.66

43 10000000 9994346 10000 9897 262.247

44 10000000 9991313 10000 10014 244.322

45 10000000 9995668 10000 10034 270.061

46 10000000 9998640 10000 10077 273.347

47 10000000 9997281 10000 10087 268.777

48 10000000 9998202 10000 9913 273.91

49 10000000 9998180 10000 9916 269.172

50 10000000 9998812 10000 9987 269.931

51 10000000 9996684 10000 9921 281.836

52 10000000 9996818 10000 9914 260.709

53 10000000 9991998 10000 10143 249.21

54 10000000 9989680 10000 10198 274.47

55 10000000 9996490 10000 10016 278.076

56 10000000 9997251 10000 10043 272.277

57 10000000 9999059 10000 10012 282.092

58 10000000 9994261 10000 9862 274.769

59 10000000 9997437 10000 10031 266.058

60 10000000 9998649 10000 10058 274.471

61 10000000 9999547 10000 10031 247.877

62 10000000 9999806 10000 10041 262.147

63 10000000 9988004 10000 9942 258.458

64 10000000 9996290 10000 9985 260.45

65 10000000 9989778 10000 9856 271.6

66 10000000 9995877 10000 10099 273.85

67 10000000 9996400 10000 10059 262.482

68 10000000 9994333 10000 10044 255.354

69 10000000 9999460 10000 9994 262.926

70 10000000 9994610 10000 9949 263.722

71 10000000 9996198 10000 9958 266.648

72 10000000 9994155 10000 9901 285.843

73 10000000 9991603 10000 9873 274.112

74 10000000 9999480 10000 10014 268.469

75 10000000 9996137 10000 9989 286.628

76 10000000 9998703 10000 10222 286.918

77 10000000 9996101 10000 10204 256.277

78 10000000 9980842 10000 10092 289.742

79 10000000 9999577 10000 9858 257.171

80 10000000 9997115 10000 9925 274.411

81 10000000 9999968 10000 9974 274.496

82 10000000 9998356 10000 10132 279.61

83 10000000 9999587 10000 10081 268.032

84 10000000 9999922 10000 9810 277.621

85 10000000 9993089 10000 10017 268.948

86 10000000 9993579 10000 9944 270.016

87 10000000 9996988 10000 9907 263.912

88 10000000 9999241 10000 10018 273.732

89 10000000 9996193 10000 10082 282.881

90 10000000 9998566 10000 10227 270.807

91 10000000 9991037 10000 9918 268.693

92 10000000 9996380 10000 10086 266.06

93 10000000 9985603 10000 10028 269.518

94 10000000 9992250 10000 10114 289.182

95 10000000 9999832 10000 10097 276.65

96 10000000 9990511 10000 10034 276.869

97 10000000 9999445 10000 10008 289.913

98 10000000 9998293 10000 9993 263.056

99 10000000 9992565 10000 9981 258.807

