0 10000000 9990030 10000 10040 265.162

1 10000000 9999476 10000 10073 277.155

2 10000000 9987140 10000 10007 264.904

3 10000000 9999216 10000 9863 272.266

4 10000000 9986235 10000 9945 269.98

5 10000000 9998327 10000 9972 275.922

6 10000000 9994757 10000 10059 285.246

7 10000000 9995920 10000 10056 291.971

8 10000000 9988032 10000 9932 278.109

9 10000000 9998123 10000 9875 286.03

10 10000000 9996370 10000 9960 277.372

11 10000000 9995730 10000 9929 270.314

12 10000000 9998085 10000 10041 279.162

13 10000000 9998813 10000 9895 277.752

14 10000000 9999430 10000 9945 260.09

15 10000000 9998220 10000 9993 279.831

16 10000000 9999516 10000 9955 269.773

17 10000000 9993958 10000 9901 279.952

18 10000000 9985167 10000 9904 261.553

19 10000000 9996724 10000 9902 294.398

20 10000000 9996790 10000 10134 304.271

21 10000000 9996112 10000 9946 275.246

22 10000000 9994959 10000 9791 280.629

23 10000000 9997910 10000 9864 249.547

24 10000000 9992944 10000 9986 274.255

25 10000000 9996251 10000 9929 286.294

26 10000000 9993844 10000 9947 285.014

27 10000000 9994918 10000 9776 270.298

28 10000000 9997500 10000 10081 277.858

29 10000000 9996333 10000 10020 277.109

30 10000000 9998466 10000 9907 280.489

31 10000000 9996081 10000 10083 266.968

32 10000000 9998818 10000 9963 289.828

33 10000000 9994520 10000 10023 283.698

34 10000000 9998344 10000 9822 275.053

35 10000000 9993219 10000 10046 268.427

36 10000000 9998237 10000 9796 280.045

37 10000000 9986241 10000 10001 289.912

38 10000000 9996905 10000 10131 274.114

39 10000000 9994800 10000 9864 250.234

40 10000000 9992408 10000 9991 292.685

41 10000000 9997695 10000 9930 267.886

42 10000000 9995918 10000 10027 275.732

43 10000000 9989874 10000 9961 267.867

44 10000000 9994979 10000 9916 269.359

45 10000000 9999072 10000 10029 267.153

46 10000000 9995109 10000 9836 259.929

47 10000000 9999168 10000 10009 276.46

48 10000000 9999028 10000 10009 281.249

49 10000000 9997234 10000 10091 275.825

50 10000000 9999262 10000 9975 286.437

51 10000000 9993231 10000 10039 264.931

52 10000000 9997855 10000 10104 285.009

53 10000000 9997779 10000 9792 280.05

54 10000000 9992415 10000 9888 277.259

55 10000000 9986355 10000 9989 279.44

56 10000000 9999679 10000 10055 267.446

57 10000000 9992199 10000 10281 273.037

58 10000000 9985249 10000 10047 265.183

59 10000000 9992185 10000 9969 275.764

60 10000000 9999268 10000 10036 282.535

61 10000000 9995739 10000 10077 284.032

62 10000000 9995458 10000 9998 275.99

63 10000000 9994472 10000 9864 278.016

64 10000000 9999621 10000 9886 269.357

65 10000000 9993254 10000 10021 265.102

66 10000000 9997161 10000 9798 271.316

67 10000000 9998767 10000 9917 275.203

68 10000000 9999773 10000 9969 281.58

69 10000000 9999430 10000 10031 261.891

70 10000000 9995662 10000 10143 268.959

71 10000000 9998716 10000 10074 273.404

72 10000000 9989657 10000 10076 273.482

73 10000000 9988020 10000 10087 280.202

74 10000000 9992171 10000 9879 273.663

75 10000000 9998367 10000 9949 274.905

76 10000000 9997775 10000 10076 287.889

77 10000000 9999475 10000 10066 281.454

78 10000000 9998267 10000 9930 265.681

79 10000000 9999082 10000 10008 275.551

80 10000000 9998472 10000 9936 280.994

81 10000000 9999512 10000 9900 264.972

82 10000000 9996397 10000 9882 261.258

83 10000000 9996432 10000 9853 284.13

84 10000000 9998897 10000 10050 296.124

85 10000000 9996797 10000 10026 274.136

86 10000000 9998668 10000 9953 268.156

87 10000000 9997989 10000 9898 282.384

88 10000000 9998973 10000 10064 260.592

89 10000000 9999894 10000 10045 281.274

90 10000000 9994952 10000 10017 278.993

91 10000000 9997602 10000 9942 281.127

92 10000000 9995113 10000 9929 275.084

93 10000000 9991423 10000 10048 277.198

94 10000000 9996688 10000 10036 267.625

95 10000000 9998281 10000 10101 292.051

96 10000000 9998135 10000 10068 281.821

97 10000000 9998533 10000 9990 290.385

98 10000000 9998928 10000 10027 271.913

99 10000000 9999281 10000 9978 260.544

