0 10000000 9998602 10000 10092 270.415

1 10000000 9998743 10000 10093 259.902

2 10000000 9999915 10000 10083 259.859

3 10000000 9997884 10000 9891 247.781

4 10000000 9996487 10000 9882 260.823

5 10000000 9999417 10000 10010 257.155

6 10000000 9999577 10000 10043 268.888

7 10000000 9998046 10000 10207 285.343

8 10000000 9997848 10000 10041 276.868

9 10000000 9999758 10000 10003 269.716

10 10000000 9996377 10000 10141 270.42

11 10000000 9997714 10000 10028 279.554

12 10000000 9996727 10000 10158 262.651

13 10000000 9992518 10000 9947 277.363

14 10000000 9990105 10000 9930 259.89

15 10000000 9995674 10000 9907 261.391

16 10000000 9997798 10000 9994 266.862

17 10000000 9991078 10000 10151 265.808

18 10000000 9995947 10000 9983 263.124

19 10000000 9994135 10000 10022 274.204

20 10000000 9999716 10000 10015 265.051

21 10000000 9996829 10000 9943 273.231

22 10000000 9995829 10000 9983 261.698

23 10000000 9998205 10000 10002 258.233

24 10000000 9996863 10000 9949 273.088

25 10000000 9997540 10000 10093 256.513

26 10000000 9997072 10000 10048 272.555

27 10000000 9999617 10000 10014 286.333

28 10000000 9998338 10000 9941 263.871

29 10000000 9995295 10000 10100 302.694

30 10000000 9997720 10000 9953 272.103

31 10000000 9988388 10000 10101 282.137

32 10000000 9990770 10000 9939 266.582

33 10000000 9991705 10000 10068 270.724

34 10000000 9998313 10000 9860 271.596

35 10000000 9991530 10000 9858 255.424

36 10000000 9992519 10000 10093 275.632

37 10000000 9999473 10000 10058 281.791

38 10000000 9995362 10000 9872 273.538

39 10000000 9996921 10000 10050 260.916

40 10000000 9999035 10000 10303 273.809

41 10000000 9998701 10000 10152 271.251

42 10000000 9999044 10000 10051 261.681

43 10000000 9998728 10000 10071 254.364

44 10000000 9993311 10000 10010 273.46

45 10000000 9999204 10000 9901 252.074

46 10000000 9997190 10000 10087 272.066

47 10000000 9999599 10000 9970 271.148

48 10000000 9996337 10000 9956 264.004

49 10000000 9999248 10000 10144 277.103

50 10000000 9993324 10000 9905 251.959

51 10000000 9996629 10000 9854 257.494

52 10000000 9999678 10000 9923 280.528

53 10000000 9991547 10000 9906 264.828

54 10000000 9997879 10000 10163 266.503

55 10000000 9998526 10000 10109 269.948

56 10000000 9995902 10000 10078 262.974

57 10000000 9995418 10000 10095 268.028

58 10000000 9999884 10000 9904 265.081

59 10000000 9993303 10000 9837 267.751

60 10000000 9995138 10000 9964 263.747

61 10000000 9998115 10000 10189 264.064

62 10000000 9994951 10000 10078 277.364

63 10000000 9999027 10000 9972 270.22

64 10000000 9993492 10000 10047 249.804

65 10000000 9997686 10000 10013 257.156

66 10000000 9995462 10000 9967 277.852

67 10000000 9998387 10000 9924 273.156

68 10000000 9997139 10000 10122 267.73

69 10000000 9998314 10000 9931 248.332

70 10000000 9993633 10000 9893 268.102

71 10000000 9997677 10000 9887 263.713

72 10000000 9997023 10000 9842 257.734

73 10000000 9999861 10000 10077 268.661

74 10000000 9994445 10000 9900 277.242

75 10000000 9996959 10000 10005 264.038

76 10000000 9999762 10000 10208 264.062

77 10000000 9982465 10000 9967 253.415

78 10000000 9999661 10000 9827 259.786

79 10000000 9993664 10000 10022 273.711

80 10000000 9997218 10000 9990 277.993

81 10000000 9995950 10000 10231 270.02

82 10000000 9998515 10000 9887 272.567

83 10000000 9999343 10000 10035 275.057

84 10000000 9993160 10000 9895 256.9

85 10000000 9997551 10000 10098 292.06

86 10000000 9999303 10000 9969 266.931

87 10000000 9995421 10000 9936 285.624

88 10000000 9997699 10000 10001 263.708

89 10000000 9999302 10000 10091 279.24

90 10000000 9999154 10000 9890 259.397

91 10000000 9998229 10000 9964 252.503

92 10000000 9996167 10000 9987 250.187

93 10000000 9998833 10000 10014 258.323

94 10000000 9998110 10000 10078 272.593

95 10000000 9998420 10000 10005 261.449

96 10000000 9996001 10000 9881 263.951

97 10000000 9999518 10000 10036 270.33

98 10000000 9999274 10000 10024 290.001

99 10000000 9996413 10000 10129 280.068

