0 10000000 9997916 10000 10069 265.729

1 10000000 9993147 10000 10028 281.074

2 10000000 9988183 10000 9948 276.349

3 10000000 9994081 10000 10017 278.622

4 10000000 9996888 10000 9922 266.919

5 10000000 9996882 10000 10186 270.772

6 10000000 9997794 10000 10015 270.917

7 10000000 9999931 10000 10167 282.094

8 10000000 9996284 10000 9997 270.892

9 10000000 9990726 10000 10044 281.934

10 10000000 9998629 10000 10057 287.814

11 10000000 9997485 10000 10023 276.281

12 10000000 9996985 10000 10032 258.877

13 10000000 9998143 10000 9865 275.981

14 10000000 9994928 10000 10162 291.356

15 10000000 9997597 10000 9967 283.193

16 10000000 9999634 10000 9853 265.288

17 10000000 9993061 10000 9978 272.02

18 10000000 9999626 10000 9959 275.037

19 10000000 9999956 10000 9819 273.74

20 10000000 9996777 10000 10082 272.735

21 10000000 9997638 10000 10085 278.929

22 10000000 9997459 10000 9983 265.034

23 10000000 9998509 10000 9804 281.146

24 10000000 9995737 10000 9858 268.074

25 10000000 9998096 10000 9884 277.962

26 10000000 9995665 10000 9935 258.282

27 10000000 9999928 10000 10041 282.968

28 10000000 9996822 10000 9986 274.782

29 10000000 9981053 10000 10079 265.908

30 10000000 9999495 10000 10139 281.691

31 10000000 9988479 10000 10026 266.954

32 10000000 9998720 10000 9947 249.827

33 10000000 9990829 10000 10102 270.711

34 10000000 9998043 10000 10165 287.094

35 10000000 9989127 10000 10109 278.209

36 10000000 9997678 10000 9979 257.663

37 10000000 9995240 10000 10001 264.909

38 10000000 9990830 10000 9905 267.925

39 10000000 9995771 10000 9742 273.865

40 10000000 9998787 10000 9969 288.152

41 10000000 9994687 10000 9938 277.057

42 10000000 9993449 10000 10091 272.922

43 10000000 9999884 10000 9916 281.951

44 10000000 9999993 10000 9993 271.828

45 10000000 9999969 10000 10064 277.998

46 10000000 9997586 10000 10071 268.203

47 10000000 9997557 10000 10051 285.8

48 10000000 9999993 10000 9932 264.801

49 10000000 9999383 10000 9989 288.731

50 10000000 9997133 10000 9993 280.756

51 10000000 9997614 10000 10119 278.826

52 10000000 9995116 10000 10185 270.274

53 10000000 9992216 10000 10115 249.135

54 10000000 9995361 10000 10297 295.066

55 10000000 9993796 10000 10045 272.081

56 10000000 9997222 10000 9930 265.466

57 10000000 9998989 10000 10006 264.682

58 10000000 9998875 10000 9933 277.484

59 10000000 9998879 10000 9918 275.488

60 10000000 9997088 10000 10025 277.374

61 10000000 9999175 10000 10043 272.455

62 10000000 9998436 10000 10084 248.499

63 10000000 9994309 10000 9943 260.954

64 10000000 9997638 10000 9959 266.796

65 10000000 9984631 10000 9826 267.113

66 10000000 9999069 10000 10092 272.084

67 10000000 9994415 10000 10084 271.853

68 10000000 9993228 10000 10040 252.522

69 10000000 9992945 10000 9914 271.42

70 10000000 9997019 10000 9965 267.192

71 10000000 9985089 10000 9883 255.736

72 10000000 9998538 10000 9965 265.605

73 10000000 9998985 10000 9964 268.831

74 10000000 9999933 10000 10062 278.513

75 10000000 9994284 10000 10001 280.489

76 10000000 9978859 10000 10229 271.041

77 10000000 9998028 10000 10170 282.161

78 10000000 9997910 10000 9942 276.601

79 10000000 9999384 10000 9957 266.961

80 10000000 9988290 10000 9896 283.158

81 10000000 9997102 10000 10070 274.108

82 10000000 9998079 10000 9868 260.655

83 10000000 9999134 10000 9970 291.354

84 10000000 9990941 10000 9961 280.793

85 10000000 9999342 10000 10041 264.483

86 10000000 9998897 10000 9957 267.154

87 10000000 9999628 10000 10029 263.391

88 10000000 9999225 10000 10015 264.648

89 10000000 9998896 10000 9963 272.748

90 10000000 9997739 10000 10263 277.853

91 10000000 9996849 10000 9929 267.718

92 10000000 9998048 10000 10183 270.005

93 10000000 9997577 10000 10008 250.237

94 10000000 9996765 10000 10109 288.082

95 10000000 9994992 10000 10014 262.443

96 10000000 9992943 10000 10113 284.101

97 10000000 9996980 10000 10012 271.26

98 10000000 9998615 10000 10135 264.18

99 10000000 9993980 10000 9978 293.278

