0 10000000 9996817 10000 9999 268.969

1 10000000 9991960 10000 9864 252.192

2 10000000 9996575 10000 9983 261.087

3 10000000 9994516 10000 10055 271.004

4 10000000 9996771 10000 9982 267.019

5 10000000 9999300 10000 10090 256.642

6 10000000 9989896 10000 10094 271.815

7 10000000 9997424 10000 10157 264.087

8 10000000 9993022 10000 9936 272.11

9 10000000 9992542 10000 10123 258.005

10 10000000 9997375 10000 10032 279.592

11 10000000 9992565 10000 9952 279.94

12 10000000 9998333 10000 10050 276.706

13 10000000 9995801 10000 9909 280.751

14 10000000 9993781 10000 10094 277.777

15 10000000 9994214 10000 9977 251.115

16 10000000 9996240 10000 9927 271.993

17 10000000 9998214 10000 10061 266.552

18 10000000 9995451 10000 10011 275.35

19 10000000 9991399 10000 10005 282.748

20 10000000 9999364 10000 9990 271.366

21 10000000 9999980 10000 10125 295.456

22 10000000 9998782 10000 9903 261.335

23 10000000 9996076 10000 9977 273.078

24 10000000 9993527 10000 9883 269.357

25 10000000 9999193 10000 9972 279.028

26 10000000 9997105 10000 9968 257.372

27 10000000 9999524 10000 10111 280.113

28 10000000 9998233 10000 9993 284.546

29 10000000 9998407 10000 10149 268.413

30 10000000 9998708 10000 10079 273.83

31 10000000 9999624 10000 10103 267.147

32 10000000 9996426 10000 9946 283.639

33 10000000 9998925 10000 10057 271.995

34 10000000 9999819 10000 10150 286.083

35 10000000 9995605 10000 10025 267.998

36 10000000 9995181 10000 9977 273.922

37 10000000 9992724 10000 9994 255.732

38 10000000 9991159 10000 9852 253.255

39 10000000 9993599 10000 9817 270.077

40 10000000 9999590 10000 9958 277.756

41 10000000 9998483 10000 9973 269.976

42 10000000 9999351 10000 10029 269.319

43 10000000 9999765 10000 9974 276.912

44 10000000 9997306 10000 9925 264.252

45 10000000 9985275 10000 10059 270.976

46 10000000 9997538 10000 10171 250.36

47 10000000 9998116 10000 10011 279.238

48 10000000 9999513 10000 9918 262.623

49 10000000 9992119 10000 9900 268.739

50 10000000 9997921 10000 10003 275.852

51 10000000 9998685 10000 10072 266.509

52 10000000 9998331 10000 10153 265.866

53 10000000 9995451 10000 10062 248.049

54 10000000 9998140 10000 10304 256.669

55 10000000 9999071 10000 10058 267.996

56 10000000 9999683 10000 9996 279.951

57 10000000 9991592 10000 10003 270.678

58 10000000 9999257 10000 10031 262.814

59 10000000 9999681 10000 9879 270.675

60 10000000 9999058 10000 10036 268.879

61 10000000 9998609 10000 10103 268.364

62 10000000 9991621 10000 10004 275.049

63 10000000 9996994 10000 9929 270.204

64 10000000 9997270 10000 9918 275.204

65 10000000 9999798 10000 9894 272.311

66 10000000 9999719 10000 10055 276.558

67 10000000 9999802 10000 10061 287.611

68 10000000 9995488 10000 10048 268.627

69 10000000 9995645 10000 9910 266.632

70 10000000 9998441 10000 9970 271.953

71 10000000 9997744 10000 9760 259.822

72 10000000 9998086 10000 9964 270.759

73 10000000 9990913 10000 9847 262.874

74 10000000 9996946 10000 10058 279.001

75 10000000 9998688 10000 9968 279.68

76 10000000 9998996 10000 10278 271.937

77 10000000 9997176 10000 10155 264.229

78 10000000 9997556 10000 10021 275.654

79 10000000 9997495 10000 9816 260.262

80 10000000 9998221 10000 10106 275.778

81 10000000 9992042 10000 10004 274.857

82 10000000 9990744 10000 10097 272.952

83 10000000 9996704 10000 10016 263.122

84 10000000 9994553 10000 9883 266.447

85 10000000 9992282 10000 9953 280.343

86 10000000 9999807 10000 9835 276.013

87 10000000 9998536 10000 9857 269.163

88 10000000 9997560 10000 9916 264.748

89 10000000 9994691 10000 9941 277.723

90 10000000 9996018 10000 10127 278.755

91 10000000 9999903 10000 9902 274.81

92 10000000 9999972 10000 10064 271.631

93 10000000 9988227 10000 9996 287.016

94 10000000 9999865 10000 10074 282.363

95 10000000 9999889 10000 10034 278.654

96 10000000 9993333 10000 10108 287.837

97 10000000 9995262 10000 9937 265.617

98 10000000 9998981 10000 10132 256.25

99 10000000 9995827 10000 9957 272.073

