0 10000000 9999923 10000 10016 292.557

1 10000000 9993649 10000 9954 256.824

2 10000000 9994297 10000 9974 269.142

3 10000000 9997907 10000 9928 290.013

4 10000000 9995023 10000 10126 280.118

5 10000000 9995421 10000 9946 277.955

6 10000000 9989701 10000 9917 268.485

7 10000000 9999929 10000 9967 270.734

8 10000000 9999256 10000 9899 275.053

9 10000000 9988583 10000 10054 291.101

10 10000000 9997391 10000 10004 274.372

11 10000000 9997866 10000 10004 273.696

12 10000000 9998444 10000 10089 265.03

13 10000000 9998836 10000 10130 285.523

14 10000000 9998745 10000 10066 272.391

15 10000000 9999027 10000 10000 261.063

16 10000000 9999313 10000 9997 281.023

17 10000000 9990790 10000 10190 265.126

18 10000000 9999852 10000 9890 262.126

19 10000000 9990941 10000 9923 276.454

20 10000000 9992656 10000 10001 255.365

21 10000000 9993340 10000 9897 275.905

22 10000000 9999220 10000 9881 289.924

23 10000000 9996948 10000 10097 279.935

24 10000000 9988254 10000 10137 252.805

25 10000000 9999157 10000 9768 271.65

26 10000000 9997534 10000 9940 276.105

27 10000000 9997753 10000 9937 278.276

28 10000000 9999864 10000 9925 284.99

29 10000000 9994893 10000 10032 283.365

30 10000000 9996396 10000 10113 289.054

31 10000000 9998811 10000 9962 265.786

32 10000000 9998242 10000 10085 275.991

33 10000000 9999406 10000 9873 257.677

34 10000000 9999836 10000 10046 279.908

35 10000000 9999041 10000 10055 288.156

36 10000000 9991674 10000 10102 280.38

37 10000000 9997138 10000 9986 263.979

38 10000000 9999713 10000 9959 273.346

39 10000000 9989097 10000 10020 270.915

40 10000000 9996505 10000 10139 284.404

41 10000000 9999570 10000 9966 264.95

42 10000000 9992288 10000 9918 276.5

43 10000000 10000000 10000 9925 283.736

44 10000000 9998369 10000 10035 268.283

45 10000000 9996005 10000 10072 284.273

46 10000000 9995650 10000 9894 278.036

47 10000000 9996803 10000 9925 262.248

48 10000000 9999274 10000 10061 293.892

49 10000000 9996855 10000 10071 275.779

50 10000000 9995427 10000 10070 284.348

51 10000000 9997522 10000 10131 276.233

52 10000000 9999826 10000 9950 277.036

53 10000000 9995847 10000 9984 269.071

54 10000000 9986489 10000 10019 276.976

55 10000000 9992190 10000 10043 272.046

56 10000000 9999411 10000 9943 255.856

57 10000000 9998343 10000 10033 275.434

58 10000000 9985092 10000 9989 274.349

59 10000000 9999136 10000 10040 267.48

60 10000000 9995005 10000 9997 281.204

61 10000000 9999643 10000 10044 269.73

62 10000000 9998645 10000 10145 281.088

63 10000000 9999343 10000 9896 271.7

64 10000000 9993460 10000 9888 266.954

65 10000000 9996848 10000 9802 270.917

66 10000000 9996916 10000 9996 262.514

67 10000000 9990798 10000 10121 278.952

68 10000000 9995167 10000 9917 263.741

69 10000000 9997071 10000 9983 275.772

70 10000000 9996904 10000 9880 271.482

71 10000000 9988411 10000 10040 264.103

72 10000000 9998514 10000 9892 245.792

73 10000000 9998267 10000 10035 268.435

74 10000000 9991114 10000 10133 277.856

75 10000000 9995985 10000 9951 270.863

76 10000000 9997396 10000 10143 277.366

77 10000000 9983370 10000 10089 277.861

78 10000000 9996175 10000 9951 280.72

79 10000000 9998834 10000 10080 289.531

80 10000000 9995127 10000 10087 287.059

81 10000000 9999401 10000 10133 277.224

82 10000000 9999287 10000 10103 268.662

83 10000000 9998586 10000 10026 287.872

84 10000000 9998202 10000 9874 272.52

85 10000000 9999228 10000 10018 264.027

86 10000000 9999991 10000 10010 264.057

87 10000000 9999888 10000 10059 277.952

88 10000000 9998802 10000 10052 276.209

89 10000000 9997673 10000 9943 284.004

90 10000000 9998035 10000 9923 284.874

91 10000000 9999977 10000 10053 280.893

92 10000000 9990702 10000 9708 272.009

93 10000000 9996025 10000 9925 279.052

94 10000000 9995402 10000 9645 286.573

95 10000000 9997164 10000 10012 275.395

96 10000000 9999663 10000 10039 272.481

97 10000000 9996494 10000 10018 274.309

98 10000000 9993932 10000 10027 258.052

99 10000000 9995426 10000 10174 280.995

