0 10000000 9993919 10000 10198 287.811

1 10000000 9998616 10000 10022 278.117

2 10000000 9997299 10000 10084 271.765

3 10000000 9998857 10000 10069 275.717

4 10000000 9998275 10000 10056 283.011

5 10000000 9996651 10000 10127 276.78

6 10000000 9997884 10000 10030 262.314

7 10000000 9999957 10000 10032 301.851

8 10000000 9994906 10000 10090 273.546

9 10000000 9994253 10000 9892 271.874

10 10000000 9998616 10000 10027 264.756

11 10000000 9996348 10000 9971 260.864

12 10000000 9996733 10000 9922 279.136

13 10000000 9996400 10000 9881 271.285

14 10000000 9999333 10000 9883 282.959

15 10000000 9999284 10000 9943 289.741

16 10000000 9995210 10000 10108 290.559

17 10000000 9988079 10000 10006 287.975

18 10000000 9994000 10000 9937 276.374

19 10000000 9995805 10000 10102 278.843

20 10000000 9998535 10000 9845 265.04

21 10000000 9995061 10000 10104 277.222

22 10000000 9995385 10000 10006 279.129

23 10000000 9993922 10000 10045 284.232

24 10000000 9987676 10000 10197 271.031

25 10000000 9997427 10000 10002 280.968

26 10000000 9995845 10000 9934 279.301

27 10000000 9997054 10000 10161 264.289

28 10000000 9998309 10000 9898 259.353

29 10000000 9996084 10000 10056 266.621

30 10000000 9998245 10000 10202 290.289

31 10000000 9998887 10000 9926 283.285

32 10000000 9997719 10000 9911 253.784

33 10000000 9998532 10000 10158 268.825

34 10000000 9998562 10000 10139 274.355

35 10000000 9998308 10000 10187 270.704

36 10000000 9991923 10000 9959 276.296

37 10000000 9998387 10000 10192 266.286

38 10000000 9998130 10000 9969 262.073

39 10000000 9996290 10000 9970 274.701

40 10000000 9998994 10000 9947 259.322

41 10000000 9998622 10000 10136 279.153

42 10000000 9999901 10000 10019 277.692

43 10000000 9998071 10000 9972 265.547

44 10000000 9996734 10000 10008 277.509

45 10000000 9998559 10000 10059 283.515

46 10000000 9997837 10000 10088 274.984

47 10000000 9995018 10000 9790 279.993

48 10000000 9998633 10000 9953 271.751

49 10000000 9999528 10000 9998 254.888

50 10000000 9999892 10000 10188 285.234

51 10000000 9995701 10000 9858 268.748

52 10000000 9990701 10000 9938 273.275

53 10000000 9991296 10000 10078 287.377

54 10000000 9998821 10000 10094 284.619

55 10000000 9995854 10000 10133 276.569

56 10000000 9998341 10000 10038 270.773

57 10000000 9998805 10000 9781 272.986

58 10000000 9994130 10000 10060 271.995

59 10000000 9998400 10000 10090 278.91

60 10000000 9994608 10000 10114 264.346

61 10000000 9996212 10000 9919 248.89

62 10000000 9994581 10000 10005 279.076

63 10000000 9994652 10000 9898 272.206

64 10000000 9999962 10000 9975 268.311

65 10000000 9991520 10000 9922 277.722

66 10000000 9998833 10000 10052 265.019

67 10000000 9995833 10000 10125 287.642

68 10000000 9998634 10000 9952 278.948

69 10000000 9992312 10000 10048 292.809

70 10000000 9998355 10000 9735 267.452

71 10000000 9995058 10000 10007 269.083

72 10000000 9990355 10000 9978 259.488

73 10000000 9997039 10000 9932 257.614

74 10000000 9992730 10000 9926 292.276

75 10000000 9997393 10000 10066 284.397

76 10000000 9986851 10000 9915 277.439

77 10000000 9999411 10000 10174 273.787

78 10000000 9997865 10000 10045 266.599

79 10000000 9993983 10000 9926 262.618

80 10000000 9998862 10000 9970 292.185

81 10000000 9997889 10000 10102 275.703

82 10000000 9998857 10000 9999 275.818

83 10000000 9998200 10000 9971 267.878

84 10000000 9997691 10000 9986 264.946

85 10000000 9999583 10000 9967 287.608

86 10000000 9999733 10000 10052 273.618

87 10000000 9999397 10000 10006 278.082

88 10000000 9999234 10000 9959 280.204

89 10000000 9992779 10000 9939 280.332

90 10000000 9995052 10000 9944 265.666

91 10000000 9995604 10000 10016 270.293

92 10000000 9986225 10000 10079 274.366

93 10000000 9997880 10000 10119 276.021

94 10000000 9996418 10000 10019 284.288

95 10000000 9999026 10000 10096 292.641

96 10000000 9997302 10000 9922 278.955

97 10000000 9993015 10000 10140 278.553

98 10000000 9991251 10000 10123 270.052

99 10000000 9995531 10000 9888 277.638

