0 10000000 9998389 10000 9897 262.244

1 10000000 9992187 10000 10024 248.059

2 10000000 9990038 10000 10126 276.506

3 10000000 9993700 10000 9954 260.488

4 10000000 9997844 10000 10004 270.142

5 10000000 9999235 10000 9941 261.724

6 10000000 9986368 10000 10083 264.975

7 10000000 9995134 10000 10030 262.743

8 10000000 9999801 10000 10110 277.064

9 10000000 9992884 10000 10097 276.698

10 10000000 9998561 10000 10126 269.792

11 10000000 9995244 10000 9826 267.032

12 10000000 9994683 10000 10022 269.751

13 10000000 9997817 10000 10013 251.097

14 10000000 9998652 10000 9912 264.993

15 10000000 9995706 10000 10126 266.82

16 10000000 9997848 10000 9926 265.208

17 10000000 9999894 10000 9974 259.843

18 10000000 9996615 10000 9905 292.196

19 10000000 9995009 10000 9962 275.543

20 10000000 9994912 10000 10023 261.027

21 10000000 9998963 10000 10081 267.161

22 10000000 9997979 10000 9889 262.986

23 10000000 9996313 10000 9823 266.78

24 10000000 9996799 10000 10059 255.761

25 10000000 9994970 10000 10044 271.224

26 10000000 9994727 10000 10062 277.226

27 10000000 9999125 10000 10017 270.627

28 10000000 9992453 10000 10047 274.048

29 10000000 9997058 10000 10088 252.984

30 10000000 9998778 10000 10049 268.157

31 10000000 9997043 10000 10067 270.855

32 10000000 9997585 10000 9909 266.874

33 10000000 9998856 10000 10006 261.078

34 10000000 9997546 10000 10000 268.815

35 10000000 9999698 10000 10108 263.977

36 10000000 9998706 10000 9987 255.047

37 10000000 9994254 10000 10038 279.945

38 10000000 9994554 10000 10069 253.741

39 10000000 9999919 10000 9972 278.84

40 10000000 9999232 10000 9908 259.065

41 10000000 9993988 10000 10150 263.122

42 10000000 9997810 10000 9916 268.894

43 10000000 9997514 10000 10186 253.503

44 10000000 9997883 10000 10054 250.667

45 10000000 9999593 10000 9915 264.968

46 10000000 9998457 10000 10027 264.824

47 10000000 9996224 10000 9920 260.956

48 10000000 9997792 10000 9959 257.831

49 10000000 9996145 10000 10083 262.436

50 10000000 9988126 10000 9986 250.988

51 10000000 9997288 10000 9922 279.871

52 10000000 9999353 10000 10067 252.029

53 10000000 9994528 10000 10065 255.332

54 10000000 9997642 10000 10104 274.479

55 10000000 9998670 10000 10068 259.954

56 10000000 9992146 10000 10012 269.904

57 10000000 9992790 10000 10017 258.961

58 10000000 9997467 10000 10052 266.165

59 10000000 9997798 10000 9913 262.565

60 10000000 9998991 10000 10158 261.882

61 10000000 9999989 10000 10052 245.902

62 10000000 9999738 10000 10245 259.997

63 10000000 9997773 10000 9987 264.833

64 10000000 9990661 10000 9956 261.561

65 10000000 9994836 10000 9944 261.185

66 10000000 9998830 10000 10067 263.001

67 10000000 9999166 10000 10064 264.916

68 10000000 9998065 10000 10030 275.937

69 10000000 9998923 10000 10234 261.322

70 10000000 9994483 10000 10104 260.231

71 10000000 9997214 10000 10061 264.075

72 10000000 9999678 10000 10262 275.024

73 10000000 9992883 10000 10161 265.903

74 10000000 9976108 10000 9787 262.189

75 10000000 9995954 10000 9952 280.865

76 10000000 9991326 10000 10109 271.592

77 10000000 9993426 10000 9884 253.028

78 10000000 9997659 10000 10141 277.537

79 10000000 9999043 10000 10228 256.84

80 10000000 9999970 10000 9993 253.276

81 10000000 9995796 10000 10095 262.84

82 10000000 9992590 10000 9963 274.573

83 10000000 9997998 10000 9905 277.812

84 10000000 9998788 10000 10020 258.248

85 10000000 9988317 10000 9819 244.775

86 10000000 9998929 10000 9976 258.234

87 10000000 9990866 10000 9938 264.077

88 10000000 9999186 10000 10006 256.999

89 10000000 9998805 10000 10072 267.374

90 10000000 9997117 10000 9864 261.088

91 10000000 9997026 10000 10110 263.067

92 10000000 9993374 10000 9981 256.628

93 10000000 9999719 10000 10127 266.979

94 10000000 9999620 10000 10031 283.713

95 10000000 9995945 10000 9955 265.493

96 10000000 9997629 10000 10047 273.297

97 10000000 9990923 10000 10113 273.866

98 10000000 9998919 10000 10075 260.742

99 10000000 9999295 10000 9987 278.942

