0 10000000 9988800 10000 10101 268.45

1 10000000 9996733 10000 10077 260.262

2 10000000 9997684 10000 10132 267.104

3 10000000 9995638 10000 10197 276.448

4 10000000 9998739 10000 9905 259.533

5 10000000 9990937 10000 9948 259.703

6 10000000 9999074 10000 10046 275.836

7 10000000 9999344 10000 9910 265.44

8 10000000 9996907 10000 9916 268.333

9 10000000 9994843 10000 10050 264.823

10 10000000 9998440 10000 10003 251.758

11 10000000 9998222 10000 10116 269.504

12 10000000 9997276 10000 9966 247.583

13 10000000 9998324 10000 10050 270.199

14 10000000 9998991 10000 10189 269.188

15 10000000 9999858 10000 10005 275.494

16 10000000 9990413 10000 10101 269.336

17 10000000 9992134 10000 10110 277.752

18 10000000 9998871 10000 9905 254.415

19 10000000 9993918 10000 10006 251.769

20 10000000 9999704 10000 9967 269.539

21 10000000 9999405 10000 10146 262.368

22 10000000 9999139 10000 10116 278.855

23 10000000 9997177 10000 10062 281.353

24 10000000 9997092 10000 10128 265.311

25 10000000 9996049 10000 10060 269.487

26 10000000 9998951 10000 10105 274.146

27 10000000 9998559 10000 9868 269.062

28 10000000 9999178 10000 9947 241.526

29 10000000 9999280 10000 10086 272.821

30 10000000 9993068 10000 9851 259.707

31 10000000 9997628 10000 9989 264.332

32 10000000 9998070 10000 9848 248.548

33 10000000 9999690 10000 9885 259.963

34 10000000 9999289 10000 9795 271.05

35 10000000 9997548 10000 10161 277.14

36 10000000 9997915 10000 9990 262.079

37 10000000 9997577 10000 9989 265.991

38 10000000 9993869 10000 9919 262.358

39 10000000 9999565 10000 9905 281.878

40 10000000 9994261 10000 9917 260.074

41 10000000 9990500 10000 10037 276.957

42 10000000 9993926 10000 9920 266.965

43 10000000 9986468 10000 9836 259.151

44 10000000 9995179 10000 10125 284.158

45 10000000 9988646 10000 9972 259.818

46 10000000 9996940 10000 9890 269.655

47 10000000 9996906 10000 9836 279.811

48 10000000 9999799 10000 9929 254.354

49 10000000 9999464 10000 10048 261.52

50 10000000 9997126 10000 9862 268.935

51 10000000 9997396 10000 10113 280.726

52 10000000 9991503 10000 9918 266.981

53 10000000 9999087 10000 10082 275.047

54 10000000 9992681 10000 9857 263.717

55 10000000 9994962 10000 9844 270.93

56 10000000 9988979 10000 10130 258.219

57 10000000 9998704 10000 9966 249.622

58 10000000 9991316 10000 9969 263.913

59 10000000 9996739 10000 9945 265.155

60 10000000 9999178 10000 10078 279.586

61 10000000 9992555 10000 9862 261.704

62 10000000 9996213 10000 10011 267.902

63 10000000 9999425 10000 10095 276.044

64 10000000 9995497 10000 9953 281.915

65 10000000 9996666 10000 9797 264.29

66 10000000 9992531 10000 9904 264.133

67 10000000 9998287 10000 10175 271.346

68 10000000 9998552 10000 10092 264.04

69 10000000 9998074 10000 9959 258.021

70 10000000 9999753 10000 10066 270.163

71 10000000 9999788 10000 10085 261.882

72 10000000 9994056 10000 10106 280.092

73 10000000 9999817 10000 9980 278.809

74 10000000 9999217 10000 9882 261.144

75 10000000 9999219 10000 9977 258.395

76 10000000 9997403 10000 10020 275.613

77 10000000 9994286 10000 10126 251.001

78 10000000 9994790 10000 10052 270.119

79 10000000 9999058 10000 9937 271.062

80 10000000 9987473 10000 10130 255.102

81 10000000 9992182 10000 9722 282.712

82 10000000 9997837 10000 9950 251.863

83 10000000 9996346 10000 9971 275.357

84 10000000 9996452 10000 9913 267.904

85 10000000 9999370 10000 10133 265.668

86 10000000 9999002 10000 10010 261.134

87 10000000 9999221 10000 9951 263.746

88 10000000 9998868 10000 9846 258.815

89 10000000 9985311 10000 10020 253.123

90 10000000 9999319 10000 9894 260.652

91 10000000 9995077 10000 9966 270.756

92 10000000 9999111 10000 10144 257.1

93 10000000 9999828 10000 9823 258.886

94 10000000 9999163 10000 9834 281.033

95 10000000 9997928 10000 9977 259.447

96 10000000 9997572 10000 9948 257.109

97 10000000 9997053 10000 10130 263.744

98 10000000 9998942 10000 9856 271.841

99 10000000 9995934 10000 9892 282.358

