0 10000000 9997691 10000 9949 255.187

1 10000000 9998281 10000 10098 265.588

2 10000000 9986212 10000 10052 245.823

3 10000000 9997814 10000 10077 280.198

4 10000000 9998296 10000 9936 260.39

5 10000000 9994889 10000 9939 264.455

6 10000000 9995132 10000 10018 273.966

7 10000000 9997824 10000 9990 287.5

8 10000000 9999252 10000 9984 264.987

9 10000000 9998233 10000 9796 257.566

10 10000000 9997791 10000 9905 269.975

11 10000000 9999153 10000 9945 258.593

12 10000000 9997691 10000 10043 266.723

13 10000000 9999726 10000 10022 281.687

14 10000000 9998382 10000 9975 276.092

15 10000000 9996547 10000 10073 260.82

16 10000000 9994836 10000 9935 279.523

17 10000000 9998001 10000 9976 266.767

18 10000000 9990709 10000 9921 266.076

19 10000000 9999401 10000 9959 267.95

20 10000000 9995705 10000 9980 263.04

21 10000000 9995577 10000 10105 276.274

22 10000000 9999811 10000 10017 274.458

23 10000000 9998894 10000 10055 267.965

24 10000000 9999941 10000 10003 270.803

25 10000000 9997155 10000 9852 257.176

26 10000000 9988136 10000 9873 257.207

27 10000000 9994134 10000 9986 268.185

28 10000000 9998634 10000 9967 265.866

29 10000000 9998417 10000 9899 269.586

30 10000000 9994325 10000 10059 277.946

31 10000000 9998700 10000 10111 280.046

32 10000000 9999285 10000 10029 258.979

33 10000000 9997215 10000 9900 263.021

34 10000000 9998664 10000 9965 252.68

35 10000000 9994319 10000 9838 257.095

36 10000000 9997794 10000 10080 258.888

37 10000000 9996416 10000 9792 274.399

38 10000000 9999065 10000 9900 268.764

39 10000000 9999963 10000 9945 271.689

40 10000000 9997066 10000 9739 261.975

41 10000000 9996899 10000 9993 253.488

42 10000000 9994809 10000 9937 281.313

43 10000000 9992421 10000 10133 269.102

44 10000000 9999522 10000 9915 264.103

45 10000000 9996863 10000 9950 271.728

46 10000000 9998700 10000 9974 272.226

47 10000000 9989467 10000 9948 277.294

48 10000000 9995840 10000 9993 259.196

49 10000000 9998146 10000 10114 283.146

50 10000000 9995370 10000 9987 266.525

51 10000000 9999202 10000 10007 280.646

52 10000000 9994047 10000 9850 262.588

53 10000000 9999711 10000 10214 268.847

54 10000000 9998021 10000 10026 277.846

55 10000000 9999138 10000 10049 272.496

56 10000000 9989663 10000 9918 271.539

57 10000000 9994496 10000 10217 274.384

58 10000000 9994355 10000 10040 270.621

59 10000000 9998229 10000 9885 266.764

60 10000000 9999509 10000 9871 272.123

61 10000000 9989525 10000 10095 267.614

62 10000000 9999084 10000 10143 275.868

63 10000000 9999906 10000 9988 274.718

64 10000000 9989869 10000 10010 276.357

65 10000000 9999099 10000 9976 275.501

66 10000000 9995079 10000 9862 261.937

67 10000000 9995060 10000 9990 282.894

68 10000000 9997045 10000 10068 268.249

69 10000000 9995851 10000 9913 261.615

70 10000000 9999979 10000 10024 269.101

71 10000000 9998471 10000 10042 274.678

72 10000000 9998739 10000 10048 262.832

73 10000000 9997613 10000 9878 262.481

74 10000000 9992558 10000 10148 267.597

75 10000000 9998039 10000 9857 274.139

76 10000000 9997863 10000 10095 275.366

77 10000000 9994129 10000 10022 264.515

78 10000000 9999351 10000 9921 254.761

79 10000000 9991374 10000 10173 288.947

80 10000000 9999014 10000 10193 269.011

81 10000000 9999890 10000 10145 280.718

82 10000000 9999501 10000 9956 252.041

83 10000000 9998975 10000 9979 267.338

84 10000000 9999478 10000 10004 275.027

85 10000000 9999615 10000 9983 267.028

86 10000000 9999940 10000 9910 285.968

87 10000000 9999610 10000 9951 276.012

88 10000000 9987403 10000 10229 277.469

89 10000000 9985108 10000 9909 241.061

90 10000000 9996732 10000 9921 261.118

91 10000000 9997614 10000 10196 282.783

92 10000000 9996217 10000 9941 273.678

93 10000000 9996386 10000 9752 269.233

94 10000000 9993102 10000 9957 252.082

95 10000000 9999572 10000 9811 270.602

96 10000000 9999976 10000 10207 276.924

97 10000000 9996363 10000 9889 263.586

98 10000000 9991522 10000 10029 275.926

99 10000000 9998932 10000 10000 253.264

