0 10000000 9998601 10000 10089 265.5

1 10000000 9979043 10000 9941 268.921

2 10000000 9999356 10000 9962 269.796

3 10000000 9992173 10000 10031 267.786

4 10000000 9999199 10000 10021 254.471

5 10000000 9996588 10000 10116 265.006

6 10000000 9998466 10000 10034 263.12

7 10000000 9997742 10000 10198 289.166

8 10000000 9991932 10000 9888 278.194

9 10000000 9999217 10000 10050 262.144

10 10000000 9999545 10000 9976 262.624

11 10000000 9991742 10000 9915 294.144

12 10000000 9997782 10000 10109 263.742

13 10000000 9995120 10000 9831 282.563

14 10000000 9990629 10000 9976 281.457

15 10000000 9999561 10000 9950 272.017

16 10000000 9996129 10000 9866 284.973

17 10000000 9995694 10000 9960 278.978

18 10000000 9998613 10000 9991 283.119

19 10000000 9992000 10000 9921 259.515

20 10000000 9996484 10000 10034 271.645

21 10000000 9999668 10000 10099 285.203

22 10000000 9999108 10000 9887 280.704

23 10000000 9997323 10000 9799 264.816

24 10000000 9998053 10000 9851 273.107

25 10000000 9994421 10000 9913 275.702

26 10000000 9990427 10000 10047 281.809

27 10000000 9999215 10000 10007 277.777

28 10000000 9994695 10000 9982 262.97

29 10000000 9984634 10000 10081 268.15

30 10000000 9995240 10000 10111 270.468

31 10000000 9993736 10000 9989 278.85

32 10000000 9994377 10000 9830 289.926

33 10000000 9996964 10000 10088 271.463

34 10000000 9998954 10000 10165 280.963

35 10000000 9991659 10000 10045 271.449

36 10000000 9998465 10000 9966 272.982

37 10000000 9999410 10000 9894 273.54

38 10000000 9992765 10000 9882 263.761

39 10000000 9997289 10000 9828 255.238

40 10000000 9998340 10000 9941 274.713

41 10000000 9999722 10000 9910 276.154

42 10000000 9996706 10000 10122 275.59

43 10000000 9999672 10000 9902 281.857

44 10000000 9996658 10000 9960 256.597

45 10000000 9997203 10000 10090 269.921

46 10000000 9999504 10000 10026 267.789

47 10000000 9998672 10000 9993 276.209

48 10000000 9997390 10000 9986 259.955

49 10000000 9998500 10000 9849 270.786

50 10000000 9995943 10000 10009 258.971

51 10000000 9996294 10000 9822 281.063

52 10000000 9994168 10000 10132 255.197

53 10000000 9998690 10000 10074 267.746

54 10000000 9998984 10000 10296 270.857

55 10000000 9991523 10000 9997 269.102

56 10000000 9999749 10000 10055 264.797

57 10000000 9997998 10000 9937 275.393

58 10000000 9987524 10000 10018 281.85

59 10000000 9997469 10000 10003 280.286

60 10000000 9998958 10000 10091 261.964

61 10000000 9998425 10000 10134 268.019

62 10000000 9997634 10000 10168 277.514

63 10000000 9998650 10000 9929 272.149

64 10000000 9988546 10000 10008 277.809

65 10000000 9998095 10000 9824 252.444

66 10000000 9994764 10000 10040 279.736

67 10000000 9999588 10000 10084 286.874

68 10000000 9998783 10000 9990 267.015

69 10000000 9998097 10000 9913 257.945

70 10000000 9999794 10000 9969 289.836

71 10000000 9999558 10000 9787 282.839

72 10000000 9995479 10000 9932 275.204

73 10000000 9996350 10000 9847 276.003

74 10000000 9996002 10000 10060 270.046

75 10000000 9997648 10000 9995 258.493

76 10000000 9999684 10000 10278 277.863

77 10000000 9997938 10000 10188 257.225

78 10000000 9997187 10000 10060 270.901

79 10000000 9999765 10000 9824 249.258

80 10000000 9999983 10000 9922 261.841

81 10000000 9998894 10000 10057 279.011

82 10000000 9999015 10000 9859 268.14

83 10000000 9997828 10000 10028 270.685

84 10000000 9991861 10000 9892 274.202

85 10000000 9999235 10000 10055 274.964

86 10000000 9996605 10000 9900 281.888

87 10000000 9996024 10000 10028 271.732

88 10000000 9996176 10000 10074 259.464

89 10000000 9994191 10000 9945 279.215

90 10000000 9999900 10000 10108 257.548

91 10000000 9999136 10000 9917 262.436

92 10000000 9996280 10000 10151 283.117

93 10000000 9998453 10000 10020 272.764

94 10000000 9998214 10000 10116 255.72

95 10000000 9997833 10000 9992 269.544

96 10000000 9992102 10000 10095 268.927

97 10000000 9999433 10000 9967 269.534

98 10000000 9999606 10000 10093 277.999

99 10000000 9999646 10000 9979 274.023

