0 10000000 9998175 10000 10083 271.581

1 10000000 9999013 10000 10003 270.058

2 10000000 9993913 10000 10013 260.691

3 10000000 9999847 10000 10117 277.843

4 10000000 9999345 10000 9902 256.203

5 10000000 9998529 10000 9985 270.015

6 10000000 9991192 10000 10175 270.644

7 10000000 9994668 10000 10033 295.064

8 10000000 9996317 10000 10101 279.651

9 10000000 9993842 10000 9962 266.798

10 10000000 9997697 10000 10077 266.96

11 10000000 9996417 10000 9982 265.931

12 10000000 9997735 10000 9948 260.194

13 10000000 9999184 10000 10178 263.334

14 10000000 9999854 10000 10083 277.87

15 10000000 9999501 10000 10066 288.639

16 10000000 9992897 10000 10079 261.852

17 10000000 9996816 10000 10090 275.959

18 10000000 9999006 10000 10020 267.292

19 10000000 9990212 10000 10002 279.041

20 10000000 9998573 10000 10053 258.064

21 10000000 9995548 10000 9931 264.294

22 10000000 9998832 10000 10012 270.07

23 10000000 9998916 10000 9992 269.155

24 10000000 9995884 10000 9926 273.902

25 10000000 9993467 10000 10089 258.552

26 10000000 9998500 10000 10082 274.772

27 10000000 9994913 10000 9976 248.85

28 10000000 9998155 10000 9956 264.043

29 10000000 9997789 10000 9852 255.422

30 10000000 9999210 10000 9921 257.434

31 10000000 9998417 10000 9763 278.238

32 10000000 9998503 10000 10040 262.801

33 10000000 9999000 10000 10055 275.026

34 10000000 9999242 10000 9959 270.657

35 10000000 9997684 10000 10053 272.048

36 10000000 9997143 10000 10001 265.646

37 10000000 9997640 10000 9910 280.078

38 10000000 9997927 10000 10086 283.268

39 10000000 9997796 10000 9998 281.566

40 10000000 9994778 10000 9821 259.125

41 10000000 9998354 10000 9873 277.817

42 10000000 9992701 10000 9904 278.95

43 10000000 9996548 10000 9901 254.138

44 10000000 9997468 10000 10016 283.103

45 10000000 9999234 10000 9965 281.108

46 10000000 9998939 10000 10129 271.109

47 10000000 9998956 10000 10102 271.556

48 10000000 9999015 10000 9916 285.701

49 10000000 9997053 10000 10048 278.939

50 10000000 9997743 10000 10080 293.201

51 10000000 9998737 10000 10025 284.777

52 10000000 9995582 10000 9964 286.451

53 10000000 9995141 10000 10166 259.202

54 10000000 9998212 10000 9858 269.229

55 10000000 9990571 10000 9747 268.086

56 10000000 9983068 10000 9810 268.854

57 10000000 9995941 10000 9887 269.267

58 10000000 9994191 10000 10122 280.471

59 10000000 9993461 10000 10060 274.714

60 10000000 9986511 10000 9940 263.923

61 10000000 9999687 10000 10007 262.859

62 10000000 9982048 10000 10009 271.784

63 10000000 9993920 10000 10122 280.313

64 10000000 9995352 10000 9900 273.014

65 10000000 9996760 10000 10025 263.147

66 10000000 9998105 10000 10059 266.617

67 10000000 9996720 10000 9936 272.355

68 10000000 9996824 10000 10101 269.622

69 10000000 9998398 10000 9945 269.176

70 10000000 9999290 10000 9974 258.531

71 10000000 9982420 10000 10194 265.493

72 10000000 9999332 10000 9928 278.237

73 10000000 9999789 10000 10039 265.059

74 10000000 9999056 10000 9892 260.713

75 10000000 9998931 10000 9911 268.587

76 10000000 9995851 10000 9826 282.062

77 10000000 9999984 10000 10063 278.363

78 10000000 9996920 10000 9993 274.498

79 10000000 9999504 10000 9980 264.729

80 10000000 9995361 10000 9858 279.273

81 10000000 9999867 10000 10061 285.102

82 10000000 9998441 10000 10021 267.993

83 10000000 9999600 10000 9972 272.791

84 10000000 9991384 10000 10047 263.912

85 10000000 9997070 10000 9969 272.851

86 10000000 9998641 10000 9988 268.904

87 10000000 9996616 10000 10075 261.052

88 10000000 9999037 10000 9986 270.195

89 10000000 9995783 10000 10018 246.14

90 10000000 9995608 10000 10105 265.608

91 10000000 9995942 10000 10256 261.907

92 10000000 9999964 10000 9843 277.302

93 10000000 9998205 10000 9903 258.135

94 10000000 9999857 10000 9925 274.699

95 10000000 9996531 10000 10148 274.176

96 10000000 9998775 10000 10126 287.41

97 10000000 9997421 10000 10096 281.161

98 10000000 9995752 10000 9987 267.154

99 10000000 9998961 10000 9897 273.417

