0 10000000 9999508 10000 10096 277.91

1 10000000 9997384 10000 9901 284.046

2 10000000 9998311 10000 9937 276.406

3 10000000 9993543 10000 10089 272.826

4 10000000 9998835 10000 9997 273.534

5 10000000 9999013 10000 10220 278.917

6 10000000 9996190 10000 10036 265.4

7 10000000 9998689 10000 10147 255.874

8 10000000 9995072 10000 9939 264.815

9 10000000 9999660 10000 10068 279.608

10 10000000 9993408 10000 10064 277.053

11 10000000 9999703 10000 9988 269.07

12 10000000 9993824 10000 10075 286.319

13 10000000 9999605 10000 9906 276.242

14 10000000 9991160 10000 9969 276.243

15 10000000 9999534 10000 9961 277.451

16 10000000 9997425 10000 9805 268.378

17 10000000 9999791 10000 9959 277.501

18 10000000 9999798 10000 9962 284.511

19 10000000 9997263 10000 10083 270.927

20 10000000 9992421 10000 9906 280.644

21 10000000 9992398 10000 10057 270.58

22 10000000 9984044 10000 9870 278.372

23 10000000 9999443 10000 10061 275.476

24 10000000 9995508 10000 9782 276.849

25 10000000 9997580 10000 10023 281.919

26 10000000 9986757 10000 9978 272.506

27 10000000 9998348 10000 9914 267.901

28 10000000 9999159 10000 9963 262.351

29 10000000 9996583 10000 10012 280.793

30 10000000 9992348 10000 9974 275.624

31 10000000 9999360 10000 10178 269.602

32 10000000 9998142 10000 9980 290.134

33 10000000 9998797 10000 10051 269.893

34 10000000 9987928 10000 10054 293.885

35 10000000 9994644 10000 10010 267.629

36 10000000 9991164 10000 9823 272.54

37 10000000 9999036 10000 9903 249.605

38 10000000 9995249 10000 9926 267.939

39 10000000 9995204 10000 9813 283.29

40 10000000 9996648 10000 9972 262.386

41 10000000 9997178 10000 9957 273.356

42 10000000 9997469 10000 9983 274.415

43 10000000 9996083 10000 10086 266.916

44 10000000 9997270 10000 9938 280.08

45 10000000 9999547 10000 10091 274.026

46 10000000 9995779 10000 10039 270.489

47 10000000 9996866 10000 10033 260.092

48 10000000 9999638 10000 9888 279.943

49 10000000 9997789 10000 9879 268.624

50 10000000 9999955 10000 9996 287.08

51 10000000 9989210 10000 9945 285.359

52 10000000 9997633 10000 10099 276.888

53 10000000 9999637 10000 10070 283.45

54 10000000 9990625 10000 10170 273.421

55 10000000 9994180 10000 9997 267.782

56 10000000 9997487 10000 10063 277.048

57 10000000 9998512 10000 10011 266.62

58 10000000 9999726 10000 9844 272.544

59 10000000 9998276 10000 9869 272.56

60 10000000 9994971 10000 10095 274.852

61 10000000 9999330 10000 10126 271.225

62 10000000 9997387 10000 10057 284.694

63 10000000 9994369 10000 9938 261.083

64 10000000 9996263 10000 9983 285.54

65 10000000 9996997 10000 9836 265.959

66 10000000 9998110 10000 9991 277.367

67 10000000 9994464 10000 10024 286.471

68 10000000 9992527 10000 10102 266.07

69 10000000 9997459 10000 9914 271.994

70 10000000 9998644 10000 10005 275.053

71 10000000 9999277 10000 9867 259.214

72 10000000 9999982 10000 9898 268.77

73 10000000 9987330 10000 9737 262.093

74 10000000 9995040 10000 10005 280.998

75 10000000 9994738 10000 9975 264.901

76 10000000 9987434 10000 10133 270.557

77 10000000 9999187 10000 10180 289.926

78 10000000 9997474 10000 10102 283.001

79 10000000 9995293 10000 9989 280.861

80 10000000 9994340 10000 10008 260.189

81 10000000 9996211 10000 10116 283.914

82 10000000 9990244 10000 9879 258.371

83 10000000 9996538 10000 9954 283.724

84 10000000 9999490 10000 9933 260.24

85 10000000 9993947 10000 10053 271.876

86 10000000 9994221 10000 9902 277.007

87 10000000 9997603 10000 9929 260.118

88 10000000 9998449 10000 10082 272.982

89 10000000 9998135 10000 9894 275.038

90 10000000 9999744 10000 10057 272.98

91 10000000 9992033 10000 9957 250.948

92 10000000 9995063 10000 10040 266.901

93 10000000 9998316 10000 10010 269.09

94 10000000 9999094 10000 10104 276.908

95 10000000 9990606 10000 10077 296.77

96 10000000 9995046 10000 10177 282.888

97 10000000 9996833 10000 10018 255.128

98 10000000 9995678 10000 10082 285.203

99 10000000 9999252 10000 9970 263.259

