0 10000000 9990348 10000 10016 246.649

1 10000000 9997970 10000 10006 259.06

2 10000000 9999024 10000 9974 252.778

3 10000000 9987430 10000 10074 259.634

4 10000000 9996631 10000 9877 260.584

5 10000000 9999885 10000 10223 272.138

6 10000000 9994830 10000 10018 259.955

7 10000000 9994979 10000 10172 256.063

8 10000000 9999147 10000 9987 273.736

9 10000000 9999761 10000 10056 260.556

10 10000000 9999067 10000 10023 272.55

11 10000000 9997604 10000 9990 271.226

12 10000000 9998421 10000 10015 269.81

13 10000000 9995395 10000 9899 272.673

14 10000000 9994239 10000 10163 278.008

15 10000000 9993132 10000 9923 269.172

16 10000000 9996900 10000 9941 258.705

17 10000000 9998065 10000 10023 288.072

18 10000000 9986962 10000 9986 268.082

19 10000000 9993171 10000 9793 254.14

20 10000000 9993140 10000 9977 261.334

21 10000000 9996732 10000 10136 281.191

22 10000000 9999551 10000 9891 267.976

23 10000000 9998095 10000 9878 267.874

24 10000000 9992516 10000 9879 272.305

25 10000000 9995236 10000 9887 269.634

26 10000000 9999736 10000 9841 256.168

27 10000000 9999594 10000 10163 278.606

28 10000000 9993359 10000 9950 277.542

29 10000000 9998442 10000 10005 262.546

30 10000000 9998597 10000 10081 262.929

31 10000000 9996346 10000 10041 263.098

32 10000000 9999693 10000 9967 243.431

33 10000000 9998808 10000 10129 280.347

34 10000000 9998549 10000 10104 262.688

35 10000000 9998020 10000 10099 268.692

36 10000000 9996536 10000 9997 267.442

37 10000000 9993020 10000 9908 270.822

38 10000000 9999575 10000 9861 274.015

39 10000000 9998366 10000 9961 260.108

40 10000000 9993967 10000 9969 265.127

41 10000000 9998172 10000 10012 269.145

42 10000000 9999863 10000 9981 285.121

43 10000000 9997893 10000 9950 272.822

44 10000000 9992343 10000 9945 256.018

45 10000000 9997444 10000 10100 259.514

46 10000000 9996061 10000 10126 286.175

47 10000000 9996404 10000 9940 291.31

48 10000000 9998773 10000 9980 267.017

49 10000000 9995966 10000 9885 269.116

50 10000000 9996675 10000 10006 280.822

51 10000000 9999871 10000 9860 260.569

52 10000000 9989743 10000 10098 270.095

53 10000000 9988458 10000 10048 245.299

54 10000000 9998226 10000 10217 272.175

55 10000000 9991289 10000 9974 258.049

56 10000000 9997046 10000 10055 274.764

57 10000000 9997073 10000 9986 267.824

58 10000000 9992525 10000 9948 261.882

59 10000000 9992265 10000 9939 282.64

60 10000000 9999574 10000 9993 263.578

61 10000000 9992896 10000 10115 257.059

62 10000000 9994607 10000 10062 279.936

63 10000000 9999801 10000 9913 270.322

64 10000000 9999859 10000 10000 256.765

65 10000000 9998130 10000 9868 268.088

66 10000000 9995640 10000 10141 288.35

67 10000000 9998294 10000 10195 271.498

68 10000000 9993876 10000 9932 261.906

69 10000000 9999784 10000 9979 265.17

70 10000000 9997814 10000 9954 277.247

71 10000000 9997646 10000 9796 262.46

72 10000000 9996886 10000 9952 271.833

73 10000000 9992853 10000 9812 263.124

74 10000000 9987343 10000 10035 261.027

75 10000000 9997530 10000 10125 246.525

76 10000000 9996619 10000 10295 276.315

77 10000000 9998768 10000 9923 249.673

78 10000000 9997894 10000 10003 269.914

79 10000000 9999061 10000 9813 254.439

80 10000000 9997820 10000 9954 274.325

81 10000000 9998444 10000 10063 276.402

82 10000000 9998607 10000 10117 257.526

83 10000000 9997768 10000 9992 270.63

84 10000000 9996918 10000 9883 251.743

85 10000000 9998916 10000 10073 270.899

86 10000000 9998099 10000 9903 281.122

87 10000000 9995502 10000 9973 256.992

88 10000000 9992305 10000 9999 282.007

89 10000000 9997619 10000 9951 271.808

90 10000000 9995793 10000 10130 269.195

91 10000000 9995001 10000 9872 253.593

92 10000000 9995514 10000 10140 272.95

93 10000000 9996963 10000 10008 287.098

94 10000000 9997123 10000 10086 280.623

95 10000000 9997411 10000 10051 255.033

96 10000000 9999732 10000 10039 274.962

97 10000000 9995163 10000 9955 266.207

98 10000000 9999773 10000 10089 273.155

99 10000000 9998532 10000 9974 264.797

