0 10000000 9995325 10000 9871 280.66

1 10000000 9997510 10000 10009 259.003

2 10000000 9998922 10000 10013 287.844

3 10000000 9998476 10000 9910 285.225

4 10000000 9999552 10000 10026 276.261

5 10000000 9999776 10000 10199 258.697

6 10000000 9995155 10000 9950 281.148

7 10000000 9985916 10000 10201 273.071

8 10000000 9996075 10000 10005 265.647

9 10000000 9997916 10000 10027 266.018

10 10000000 9997853 10000 10088 280.439

11 10000000 9999533 10000 10071 271.961

12 10000000 9999406 10000 10075 286.389

13 10000000 9996795 10000 9802 272.212

14 10000000 9999780 10000 10228 271.873

15 10000000 9998748 10000 9984 282.217

16 10000000 9995087 10000 10058 284.05

17 10000000 9991706 10000 10037 273.888

18 10000000 9999779 10000 10143 277.132

19 10000000 9996294 10000 10171 288.161

20 10000000 9993872 10000 9970 271.699

21 10000000 9998862 10000 10029 268.696

22 10000000 9988654 10000 9950 278.067

23 10000000 9999078 10000 10133 273.266

24 10000000 9998949 10000 9855 283.188

25 10000000 9997641 10000 9953 268.89

26 10000000 9998793 10000 9889 263.213

27 10000000 9999922 10000 9954 282.755

28 10000000 9989400 10000 9948 272.679

29 10000000 9994610 10000 9958 275.275

30 10000000 9997983 10000 9854 267.107

31 10000000 9985257 10000 9977 254.425

32 10000000 9989741 10000 9787 273.502

33 10000000 9999677 10000 9863 262.616

34 10000000 9998942 10000 10116 283.801

35 10000000 9997395 10000 10051 277.617

36 10000000 9989555 10000 10019 267.922

37 10000000 9999596 10000 9803 268.397

38 10000000 9997207 10000 10085 296.061

39 10000000 9996848 10000 9892 288.985

40 10000000 9998397 10000 9893 271.569

41 10000000 9991612 10000 10227 282.744

42 10000000 9999776 10000 9812 268.266

43 10000000 9998894 10000 9921 283.32

44 10000000 9999852 10000 10001 281.185

45 10000000 9996359 10000 10053 280.752

46 10000000 9998806 10000 9999 272.848

47 10000000 9994822 10000 9974 274.343

48 10000000 9999712 10000 10036 283.369

49 10000000 9997129 10000 10034 269.984

50 10000000 9999720 10000 9972 276.097

51 10000000 9999465 10000 9905 283.443

52 10000000 9998922 10000 9969 271.899

53 10000000 9997129 10000 9936 261.988

54 10000000 9999616 10000 10115 288.348

55 10000000 9985447 10000 9854 262.144

56 10000000 9999355 10000 10028 266.059

57 10000000 9993240 10000 9887 270.29

58 10000000 9986963 10000 10026 275.701

59 10000000 9998085 10000 9925 267.135

60 10000000 9995316 10000 10066 279.772

61 10000000 9998686 10000 9939 284.816

62 10000000 9997673 10000 10047 270.96

63 10000000 9991542 10000 10024 267.72

64 10000000 9998366 10000 9954 263.034

65 10000000 9987282 10000 9938 276.371

66 10000000 9999764 10000 9927 270.985

67 10000000 9993404 10000 10023 278.959

68 10000000 9999051 10000 9961 281.805

69 10000000 9990659 10000 9900 272.667

70 10000000 9999659 10000 9881 272.087

71 10000000 9998182 10000 9947 283.446

72 10000000 9992375 10000 9869 276.93

73 10000000 9991691 10000 10020 265.733

74 10000000 9998380 10000 10101 278.982

75 10000000 9996815 10000 9880 278.838

76 10000000 9992033 10000 10057 269.835

77 10000000 9999090 10000 9847 265.254

78 10000000 9996501 10000 9988 274.042

79 10000000 9995401 10000 10031 271.031

80 10000000 9999164 10000 9999 281.402

81 10000000 9996949 10000 9991 271.94

82 10000000 9996957 10000 10051 274.113

83 10000000 9994329 10000 9986 262.906

84 10000000 9998628 10000 9975 296.32

85 10000000 9995214 10000 10113 275.274

86 10000000 9999858 10000 9936 275.767

87 10000000 9983129 10000 9976 267.69

88 10000000 9996985 10000 10019 264.736

89 10000000 9996643 10000 10020 287.216

90 10000000 9999874 10000 9928 278.358

91 10000000 9993746 10000 9939 277.57

92 10000000 9994363 10000 10018 277.841

93 10000000 9999064 10000 10103 295.046

94 10000000 9997592 10000 9941 282.848

95 10000000 9999019 10000 10001 288.554

96 10000000 9993923 10000 9737 260.833

97 10000000 9999597 10000 10000 282.287

98 10000000 9999446 10000 10002 284.838

99 10000000 9999118 10000 10032 285.882

