0 10000000 9995147 10000 10087 260.895

1 10000000 9996545 10000 9874 289.303

2 10000000 9999836 10000 9949 263.833

3 10000000 9996653 10000 10033 281.81

4 10000000 9998630 10000 9983 259.036

5 10000000 9994206 10000 10066 272.568

6 10000000 9999231 10000 10031 263.302

7 10000000 9998463 10000 9960 271.83

8 10000000 9995458 10000 10010 262.643

9 10000000 9999841 10000 10081 277.896

10 10000000 9996577 10000 10017 271.944

11 10000000 9997106 10000 9886 276.113

12 10000000 9999256 10000 9989 265.864

13 10000000 9999125 10000 9855 282.032

14 10000000 9999441 10000 9926 268.935

15 10000000 9998119 10000 9928 276.501

16 10000000 9999959 10000 9874 267.951

17 10000000 9992599 10000 9980 267.332

18 10000000 9994106 10000 9985 281.984

19 10000000 9997991 10000 9914 268.622

20 10000000 9988622 10000 10004 266.437

21 10000000 9999830 10000 10111 266.697

22 10000000 9995349 10000 9961 277.889

23 10000000 9992050 10000 9820 265.882

24 10000000 9990392 10000 9874 264.872

25 10000000 9997536 10000 9939 264.255

26 10000000 9996112 10000 9937 281.461

27 10000000 9986587 10000 10015 260.035

28 10000000 9997420 10000 10037 261.281

29 10000000 9997567 10000 9994 268.363

30 10000000 9994893 10000 10190 258.018

31 10000000 9986099 10000 10137 272.891

32 10000000 9990345 10000 9841 261.935

33 10000000 9999830 10000 10134 269.704

34 10000000 9995078 10000 10086 285.892

35 10000000 9999542 10000 10099 277.411

36 10000000 9992418 10000 9930 263.961

37 10000000 9992764 10000 9970 255.084

38 10000000 9997920 10000 9969 254.431

39 10000000 9999691 10000 9956 270.962

40 10000000 9996610 10000 9967 266.095

41 10000000 9999152 10000 9968 294.431

42 10000000 9998314 10000 9971 258.407

43 10000000 9992750 10000 10018 271.2

44 10000000 9999907 10000 9934 258.351

45 10000000 9997889 10000 10076 285.546

46 10000000 9999635 10000 10026 268.088

47 10000000 9999321 10000 10015 257.924

48 10000000 9996416 10000 10115 270.299

49 10000000 9999764 10000 9876 273.738

50 10000000 9998655 10000 10022 278.183

51 10000000 9995957 10000 9863 272.167

52 10000000 9999564 10000 9953 279.262

53 10000000 9999127 10000 10067 266.788

54 10000000 9994364 10000 10130 261.541

55 10000000 9993844 10000 9947 261.114

56 10000000 9999296 10000 10017 261.671

57 10000000 9998060 10000 10013 278.776

58 10000000 9989747 10000 9919 252.659

59 10000000 9996773 10000 9966 277.585

60 10000000 9994057 10000 9961 280.962

61 10000000 9998656 10000 10095 260.585

62 10000000 9989050 10000 10144 292.656

63 10000000 9997528 10000 9938 269.217

64 10000000 9999321 10000 9975 263.958

65 10000000 9998097 10000 9948 265.014

66 10000000 9998989 10000 10175 275.502

67 10000000 9999968 10000 10053 265.667

68 10000000 9997309 10000 10044 277.177

69 10000000 9990992 10000 9957 261.04

70 10000000 9996408 10000 10009 268.251

71 10000000 9993353 10000 9774 247.582

72 10000000 9994703 10000 9999 266.537

73 10000000 9997881 10000 10007 253.164

74 10001247 9996204 10000 10025 269.001

75 10000000 9997123 10000 9992 278.162

76 10000000 9999439 10000 10164 273.011

77 10000000 9995821 10000 10181 266.771

78 10000000 9999546 10000 10000 263.721

79 10000000 9994807 10000 9964 276.515

80 10000000 9992400 10000 9936 271.476

81 10000000 9999973 10000 10165 272.285

82 10000000 9999265 10000 10137 284.739

83 10000000 9996518 10000 10117 257.625

84 10000000 9996976 10000 9899 261.95

85 10000000 9999106 10000 10066 265.995

86 10000000 9989642 10000 9906 244.563

87 10000000 9995196 10000 9914 262.125

88 10000000 9987839 10000 9961 262.466

89 10000000 9996968 10000 9949 276.326

90 10000000 9992273 10000 10077 257.47

91 10000000 9992572 10000 9855 279.556

92 10000000 9993763 10000 10096 288.243

93 10000000 9998190 10000 10039 278.112

94 10000000 9997253 10000 10055 258.733

95 10000000 9999588 10000 10071 258.265

96 10000000 9987334 10000 10092 266.957

97 10000000 9999890 10000 10004 264.129

98 10000000 9995086 10000 10037 268.061

99 10000000 9995712 10000 9929 273.516

