0 10000000 9985454 10000 10049 256.535

1 10000000 9994410 10000 9774 280.97

2 10000000 9999974 10000 9994 264.01

3 10000000 9996124 10000 10112 268.018

4 10000000 9998490 10000 10026 268.329

5 10000000 9999768 10000 10082 278.649

6 10000000 9998992 10000 10048 270.947

7 10000000 9992977 10000 10122 280.87

8 10000000 9993514 10000 10070 297.324

9 10000000 9995350 10000 10096 282.756

10 10000000 9995630 10000 10076 268.069

11 10000000 9998424 10000 9984 283.375

12 10000000 9998643 10000 10095 280.25

13 10000000 9998078 10000 9903 282.578

14 10000000 9998617 10000 10051 281.221

15 10000000 9997249 10000 9922 261.142

16 10000000 9996243 10000 10024 273.943

17 10000000 9999627 10000 10011 261.535

18 10000000 9998999 10000 10057 284.01

19 10000000 9990842 10000 9924 274.06

20 10000000 9999494 10000 9997 271.399

21 10000000 9999886 10000 10092 281.409

22 10000000 9994817 10000 9937 278.229

23 10000000 9995643 10000 9897 271.648

24 10000000 9997247 10000 9845 269.928

25 10000000 9999954 10000 9873 260.134

26 10000000 9999944 10000 10087 270.221

27 10000000 9998539 10000 10141 272.403

28 10000000 9999426 10000 9962 283.234

29 10000000 9997062 10000 9982 271.953

30 10000000 9999673 10000 10065 269.446

31 10000000 9998437 10000 10217 272.31

32 10000000 9995909 10000 9945 270.193

33 10000000 9996492 10000 10079 268.187

34 10000000 9996978 10000 10150 275.611

35 10000000 9994910 10000 9938 282.851

36 10000000 9998936 10000 9928 272.193

37 10000000 9999916 10000 10006 274.461

38 10000000 9997996 10000 9938 277.532

39 10000000 9997450 10000 9852 263.67

40 10000000 9996310 10000 9914 281.148

41 10000000 9998353 10000 9938 263.335

42 10000000 9996962 10000 9904 282.499

43 10000000 9998311 10000 9965 276.687

44 10000000 9987159 10000 9834 255.602

45 10000000 9996866 10000 10042 262.392

46 10000000 9996800 10000 10077 288.166

47 10000000 9998782 10000 10039 276.09

48 10000000 9995823 10000 10019 258.157

49 10000000 9997285 10000 9873 268.359

50 10000000 9996553 10000 10092 270.832

51 10000000 9990660 10000 9872 281.858

52 10000000 9995041 10000 10013 247.056

53 10000000 9996821 10000 10118 271.949

54 10000000 9995016 10000 10264 273.709

55 10000000 9999882 10000 10061 256.546

56 10000000 9991248 10000 10061 284.072

57 10000000 9995092 10000 10011 273.464

58 10000000 9997926 10000 9890 265.345

59 10000000 9991827 10000 9973 262.667

60 10000000 9999000 10000 10073 282.866

61 10000000 9996965 10000 10085 287.863

62 10000000 9992729 10000 10049 283.936

63 10000000 9992080 10000 10083 269.963

64 10000000 9997412 10000 9964 265.994

65 10000000 9997746 10000 9913 246.008

66 10000000 9998878 10000 10145 268.071

67 10000000 9999993 10000 10075 271.403

68 10000000 9983460 10000 9907 260.585

69 10000000 9995827 10000 9887 268.944

70 10000000 9990195 10000 9935 288.438

71 10000000 9998531 10000 9766 275.118

72 10000000 9998940 10000 9902 262.7

73 10000000 9993331 10000 9854 273.016

74 10000000 9998181 10000 10020 272.46

75 10000000 9998538 10000 10111 263.58

76 10000000 9997563 10000 10279 289.095

77 10000000 9993797 10000 9898 273.988

78 10000000 9999303 10000 9943 290.438

79 10000000 9993777 10000 9914 266.83

80 10000000 9988244 10000 9928 261.367

81 10000000 9999502 10000 10033 284.003

82 10000000 9995877 10000 10154 285.623

83 10000000 9998384 10000 10031 262.044

84 10000000 9997362 10000 9900 266.79

85 10000000 9996314 10000 9963 276.174

86 10000000 9994370 10000 9907 273.965

87 10000000 9997779 10000 10034 272.342

88 10000000 9996319 10000 10109 281.447

89 10000000 9999712 10000 9948 274.789

90 10000000 9995358 10000 10253 271.73

91 10000000 9999483 10000 9880 273.886

92 10000000 9996042 10000 10131 269.184

93 10000000 9998553 10000 9988 263.979

94 10000000 9999594 10000 10093 274.064

95 10000000 9997198 10000 10027 268.727

96 10000000 9993598 10000 10139 279.505

97 10000000 9992836 10000 9926 269.639

98 10000000 9995545 10000 10092 257.062

99 10000000 9996855 10000 9957 275.616

