0 10000000 9996084 10000 10124 273.329

1 10000000 9999704 10000 10046 260.161

2 10000000 9978453 10000 10148 265.713

3 10000000 9994358 10000 10018 286.457

4 10000000 9999148 10000 10035 267.619

5 10000000 9999426 10000 10017 265.862

6 10000000 9990618 10000 10073 271

7 10000000 9999036 10000 10118 265.847

8 10000000 9997701 10000 9998 269.678

9 10000000 9976336 10000 10022 260.734

10 10000000 9997933 10000 10194 274.35

11 10000000 9997427 10000 9997 267.321

12 10000000 9995654 10000 10192 273.027

13 10000000 9992755 10000 10137 251.399

14 10000000 9995937 10000 10019 265.044

15 10000000 9998493 10000 10107 268.99

16 10000000 9995343 10000 9890 265.074

17 10000000 9995055 10000 10001 270.502

18 10000000 9993683 10000 9800 247.781

19 10000000 9997573 10000 10055 269.16

20 10000000 9997646 10000 10035 285.95

21 10000000 9999910 10000 10043 272.004

22 10000000 9996550 10000 10130 248.938

23 10000000 9999473 10000 10044 269.127

24 10000000 9997414 10000 9925 263.535

25 10000000 9999203 10000 9883 275.442

26 10000000 9999409 10000 9966 272.192

27 10000000 9997793 10000 9948 275.193

28 10000000 9997673 10000 10010 260.02

29 10000000 9995470 10000 9998 272.04

30 10000000 9997974 10000 10025 259.012

31 10000000 9997988 10000 9932 264.932

32 10000000 9999569 10000 9984 254.082

33 10000000 9996176 10000 9942 262.378

34 10000000 9989686 10000 10030 255.813

35 10000000 9997949 10000 9989 252.273

36 10000000 9993529 10000 9928 280.745

37 10000000 9999486 10000 10140 259.323

38 10000000 9996740 10000 9876 265.951

39 10000000 9998205 10000 10014 259.052

40 10000000 9985573 10000 9961 279.267

41 10000000 9999439 10000 9978 282.598

42 10000000 9997882 10000 10049 260.434

43 10000000 9999673 10000 10259 279.118

44 10000000 9995613 10000 10117 273.693

45 10000000 9992913 10000 9903 260.859

46 10000000 9991468 10000 10192 266.886

47 10000000 9991157 10000 10031 259.907

48 10000000 9998234 10000 9864 271.882

49 10000000 9995681 10000 9982 276.942

50 10000000 9999870 10000 9931 273.407

51 10000000 9997783 10000 9985 273.912

52 10000000 9993990 10000 10168 275.471

53 10000000 9996329 10000 10096 260.893

54 10000000 9999285 10000 9996 266.498

55 10000000 9999761 10000 9849 274.655

56 10000000 9997797 10000 10179 247.798

57 10000000 9988307 10000 10078 266.795

58 10000000 9999248 10000 10028 248.887

59 10000000 9992490 10000 9996 270.918

60 10000000 9999811 10000 10056 259.577

61 10000000 9997799 10000 9943 260.898

62 10000000 9995714 10000 9965 267.827

63 10000000 9993414 10000 9892 280.662

64 10000000 9987248 10000 10052 253.161

65 10000000 9990347 10000 9876 269.604

66 10000000 9999809 10000 9914 274.099

67 10000000 9998611 10000 9971 269.478

68 10000000 9985819 10000 10010 284.744

69 10000000 9993775 10000 10125 263.993

70 10000000 9999033 10000 9962 281.357

71 10000000 9995964 10000 9973 270.97

72 10000000 9998870 10000 10129 266.583

73 10000000 9997221 10000 10114 270.308

74 10000000 9999504 10000 9950 258.249

75 10000000 9998186 10000 10051 272.147

76 10000000 9998546 10000 10053 255.061

77 10000000 9993664 10000 10163 262.859

78 10000000 9996713 10000 9949 270.292

79 10000000 9994885 10000 9970 267.045

80 10000000 9993004 10000 10075 255.456

81 10000000 9997076 10000 9759 263.847

82 10000000 9991794 10000 10161 270.708

83 10000000 9997045 10000 10098 268.123

84 10000000 9998633 10000 9891 272.185

85 10000000 9998851 10000 10085 269.173

86 10000000 9997754 10000 10050 250.911

87 10000000 9990686 10000 9930 268.143

88 10000000 9999348 10000 9877 268.849

89 10000000 9998201 10000 9800 277.806

90 10000000 9999610 10000 10045 262.375

91 10000000 9999719 10000 10014 273.571

92 10000000 9995016 10000 9865 267.711

93 10000000 9995689 10000 9977 251.907

94 10000000 9994839 10000 9942 278.506

95 10000000 9994650 10000 9819 242.47

96 10000000 9999671 10000 9986 278.081

97 10000000 9996694 10000 10042 262.68

98 10000000 9994205 10000 9964 265.972

99 10000000 9999727 10000 10243 291.03

